Archive member included to satisfy reference by file (symbol)

c:/ac6/systemworkbench/plugins/fr.ac6.mcu.externaltools.arm-none.win32_1.11.0.201610101338/tools/gcc-arm-none-eabi-5_4-2016q2-20160622-win32/bin/../lib/gcc/arm-none-eabi/5.4.1/armv6-m\libgcc.a(_udivsi3.o)
                              Drivers/CMSIS/Device/ST/STM32F0xx/Source/Templates/system_stm32f0xx.o (__aeabi_uidiv)
c:/ac6/systemworkbench/plugins/fr.ac6.mcu.externaltools.arm-none.win32_1.11.0.201610101338/tools/gcc-arm-none-eabi-5_4-2016q2-20160622-win32/bin/../lib/gcc/arm-none-eabi/5.4.1/armv6-m\libgcc.a(_dvmd_tls.o)
                              c:/ac6/systemworkbench/plugins/fr.ac6.mcu.externaltools.arm-none.win32_1.11.0.201610101338/tools/gcc-arm-none-eabi-5_4-2016q2-20160622-win32/bin/../lib/gcc/arm-none-eabi/5.4.1/armv6-m\libgcc.a(_udivsi3.o) (__aeabi_idiv0)
c:/ac6/systemworkbench/plugins/fr.ac6.mcu.externaltools.arm-none.win32_1.11.0.201610101338/tools/gcc-arm-none-eabi-5_4-2016q2-20160622-win32/bin/../lib/gcc/arm-none-eabi/5.4.1/../../../../arm-none-eabi/lib/armv6-m\libc_nano.a(lib_a-exit.o)
                              c:/ac6/systemworkbench/plugins/fr.ac6.mcu.externaltools.arm-none.win32_1.11.0.201610101338/tools/gcc-arm-none-eabi-5_4-2016q2-20160622-win32/bin/../lib/gcc/arm-none-eabi/5.4.1/../../../../arm-none-eabi/lib/armv6-m/crt0.o (exit)
c:/ac6/systemworkbench/plugins/fr.ac6.mcu.externaltools.arm-none.win32_1.11.0.201610101338/tools/gcc-arm-none-eabi-5_4-2016q2-20160622-win32/bin/../lib/gcc/arm-none-eabi/5.4.1/../../../../arm-none-eabi/lib/armv6-m\libc_nano.a(lib_a-impure.o)
                              c:/ac6/systemworkbench/plugins/fr.ac6.mcu.externaltools.arm-none.win32_1.11.0.201610101338/tools/gcc-arm-none-eabi-5_4-2016q2-20160622-win32/bin/../lib/gcc/arm-none-eabi/5.4.1/../../../../arm-none-eabi/lib/armv6-m\libc_nano.a(lib_a-exit.o) (_global_impure_ptr)
c:/ac6/systemworkbench/plugins/fr.ac6.mcu.externaltools.arm-none.win32_1.11.0.201610101338/tools/gcc-arm-none-eabi-5_4-2016q2-20160622-win32/bin/../lib/gcc/arm-none-eabi/5.4.1/../../../../arm-none-eabi/lib/armv6-m\libc_nano.a(lib_a-init.o)
                              c:/ac6/systemworkbench/plugins/fr.ac6.mcu.externaltools.arm-none.win32_1.11.0.201610101338/tools/gcc-arm-none-eabi-5_4-2016q2-20160622-win32/bin/../lib/gcc/arm-none-eabi/5.4.1/../../../../arm-none-eabi/lib/armv6-m/crt0.o (__libc_init_array)
c:/ac6/systemworkbench/plugins/fr.ac6.mcu.externaltools.arm-none.win32_1.11.0.201610101338/tools/gcc-arm-none-eabi-5_4-2016q2-20160622-win32/bin/../lib/gcc/arm-none-eabi/5.4.1/../../../../arm-none-eabi/lib/armv6-m\libc_nano.a(lib_a-memcpy-stub.o)
                              Drivers/STM32F0xx_HAL_Driver/Src/stm32f0xx_hal_rcc.o (memcpy)
c:/ac6/systemworkbench/plugins/fr.ac6.mcu.externaltools.arm-none.win32_1.11.0.201610101338/tools/gcc-arm-none-eabi-5_4-2016q2-20160622-win32/bin/../lib/gcc/arm-none-eabi/5.4.1/../../../../arm-none-eabi/lib/armv6-m\libc_nano.a(lib_a-memset.o)
                              c:/ac6/systemworkbench/plugins/fr.ac6.mcu.externaltools.arm-none.win32_1.11.0.201610101338/tools/gcc-arm-none-eabi-5_4-2016q2-20160622-win32/bin/../lib/gcc/arm-none-eabi/5.4.1/../../../../arm-none-eabi/lib/armv6-m/crt0.o (memset)
c:/ac6/systemworkbench/plugins/fr.ac6.mcu.externaltools.arm-none.win32_1.11.0.201610101338/tools/gcc-arm-none-eabi-5_4-2016q2-20160622-win32/bin/../lib/gcc/arm-none-eabi/5.4.1/../../../../arm-none-eabi/lib/armv6-m\libnosys.a(_exit.o)
                              c:/ac6/systemworkbench/plugins/fr.ac6.mcu.externaltools.arm-none.win32_1.11.0.201610101338/tools/gcc-arm-none-eabi-5_4-2016q2-20160622-win32/bin/../lib/gcc/arm-none-eabi/5.4.1/../../../../arm-none-eabi/lib/armv6-m\libc_nano.a(lib_a-exit.o) (_exit)

Allocating common symbols
Common symbol       size              file

microTick           0x8               Src/stm32f0xx_it.o
dynamic_payloads_enabled
                    0x1               Src/RF24.o
htim17              0x3c              Src/tim.o
uwTick              0x4               Drivers/STM32F0xx_HAL_Driver/Src/stm32f0xx_hal.o
pFlash              0x20              Drivers/STM32F0xx_HAL_Driver/Src/stm32f0xx_hal_flash.o
ack_payload_length  0x1               Src/RF24.o
ack_payload_available
                    0x1               Src/RF24.o
isListening         0x1               Src/RF24.o
pipe0_reading_address
                    0x8               Src/RF24.o
p_variant           0x1               Src/RF24.o
wide_band           0x1               Src/RF24.o
hspi1               0x64              Src/spi.o
hdma_spi1_rx        0x3c              Src/spi.o
battery             0x4               Src/main.o
payload_size        0x1               Src/RF24.o
hdma_adc            0x3c              Src/adc.o
hadc                0x4c              Src/adc.o
hdma_spi1_tx        0x3c              Src/spi.o

Discarded input sections

[...]
Memory Configuration

Name             Origin             Length             Attributes
RAM              0x20000000         0x00001800         xrw
FLASH            0x08000000         0x00008000         xr
*default*        0x00000000         0xffffffff

Linker script and memory map

LOAD c:/ac6/systemworkbench/plugins/fr.ac6.mcu.externaltools.arm-none.win32_1.11.0.201610101338/tools/gcc-arm-none-eabi-5_4-2016q2-20160622-win32/bin/../lib/gcc/arm-none-eabi/5.4.1/armv6-m/crti.o
LOAD c:/ac6/systemworkbench/plugins/fr.ac6.mcu.externaltools.arm-none.win32_1.11.0.201610101338/tools/gcc-arm-none-eabi-5_4-2016q2-20160622-win32/bin/../lib/gcc/arm-none-eabi/5.4.1/armv6-m/crtbegin.o
LOAD c:/ac6/systemworkbench/plugins/fr.ac6.mcu.externaltools.arm-none.win32_1.11.0.201610101338/tools/gcc-arm-none-eabi-5_4-2016q2-20160622-win32/bin/../lib/gcc/arm-none-eabi/5.4.1/../../../../arm-none-eabi/lib/armv6-m/crt0.o
LOAD c:/ac6/systemworkbench/plugins/fr.ac6.mcu.externaltools.arm-none.win32_1.11.0.201610101338/tools/gcc-arm-none-eabi-5_4-2016q2-20160622-win32/bin/../lib/gcc/arm-none-eabi/5.4.1/../../../../arm-none-eabi/lib/armv6-m\libm.a
LOAD Drivers/CMSIS/Device/ST/STM32F0xx/Source/Templates/gcc/startup_stm32f042x6.o
LOAD Drivers/CMSIS/Device/ST/STM32F0xx/Source/Templates/system_stm32f0xx.o
LOAD Drivers/STM32F0xx_HAL_Driver/Src/stm32f0xx_hal.o
LOAD Drivers/STM32F0xx_HAL_Driver/Src/stm32f0xx_hal_adc.o
LOAD Drivers/STM32F0xx_HAL_Driver/Src/stm32f0xx_hal_adc_ex.o
LOAD Drivers/STM32F0xx_HAL_Driver/Src/stm32f0xx_hal_cortex.o
LOAD Drivers/STM32F0xx_HAL_Driver/Src/stm32f0xx_hal_dma.o
LOAD Drivers/STM32F0xx_HAL_Driver/Src/stm32f0xx_hal_flash.o
LOAD Drivers/STM32F0xx_HAL_Driver/Src/stm32f0xx_hal_flash_ex.o
LOAD Drivers/STM32F0xx_HAL_Driver/Src/stm32f0xx_hal_gpio.o
LOAD Drivers/STM32F0xx_HAL_Driver/Src/stm32f0xx_hal_i2c.o
LOAD Drivers/STM32F0xx_HAL_Driver/Src/stm32f0xx_hal_i2c_ex.o
LOAD Drivers/STM32F0xx_HAL_Driver/Src/stm32f0xx_hal_pwr.o
LOAD Drivers/STM32F0xx_HAL_Driver/Src/stm32f0xx_hal_pwr_ex.o
LOAD Drivers/STM32F0xx_HAL_Driver/Src/stm32f0xx_hal_rcc.o
LOAD Drivers/STM32F0xx_HAL_Driver/Src/stm32f0xx_hal_rcc_ex.o
LOAD Drivers/STM32F0xx_HAL_Driver/Src/stm32f0xx_hal_spi.o
LOAD Drivers/STM32F0xx_HAL_Driver/Src/stm32f0xx_hal_spi_ex.o
LOAD Drivers/STM32F0xx_HAL_Driver/Src/stm32f0xx_hal_tim.o
LOAD Drivers/STM32F0xx_HAL_Driver/Src/stm32f0xx_hal_tim_ex.o
LOAD Src/RF24.o
LOAD Src/RingBuffer.o
LOAD Src/adc.o
LOAD Src/dma.o
LOAD Src/gpio.o
LOAD Src/main.o
LOAD Src/radio.o
LOAD Src/spi.o
LOAD Src/stm32f0xx_hal_msp.o
LOAD Src/stm32f0xx_it.o
LOAD Src/tim.o
LOAD Src/utilities.o
START GROUP
LOAD c:/ac6/systemworkbench/plugins/fr.ac6.mcu.externaltools.arm-none.win32_1.11.0.201610101338/tools/gcc-arm-none-eabi-5_4-2016q2-20160622-win32/bin/../lib/gcc/arm-none-eabi/5.4.1/armv6-m\libgcc.a
LOAD c:/ac6/systemworkbench/plugins/fr.ac6.mcu.externaltools.arm-none.win32_1.11.0.201610101338/tools/gcc-arm-none-eabi-5_4-2016q2-20160622-win32/bin/../lib/gcc/arm-none-eabi/5.4.1/../../../../arm-none-eabi/lib/armv6-m\libc_nano.a
END GROUP
START GROUP
LOAD c:/ac6/systemworkbench/plugins/fr.ac6.mcu.externaltools.arm-none.win32_1.11.0.201610101338/tools/gcc-arm-none-eabi-5_4-2016q2-20160622-win32/bin/../lib/gcc/arm-none-eabi/5.4.1/armv6-m\libgcc.a
LOAD c:/ac6/systemworkbench/plugins/fr.ac6.mcu.externaltools.arm-none.win32_1.11.0.201610101338/tools/gcc-arm-none-eabi-5_4-2016q2-20160622-win32/bin/../lib/gcc/arm-none-eabi/5.4.1/../../../../arm-none-eabi/lib/armv6-m\libc_nano.a
LOAD c:/ac6/systemworkbench/plugins/fr.ac6.mcu.externaltools.arm-none.win32_1.11.0.201610101338/tools/gcc-arm-none-eabi-5_4-2016q2-20160622-win32/bin/../lib/gcc/arm-none-eabi/5.4.1/../../../../arm-none-eabi/lib/armv6-m\libnosys.a
END GROUP
START GROUP
LOAD c:/ac6/systemworkbench/plugins/fr.ac6.mcu.externaltools.arm-none.win32_1.11.0.201610101338/tools/gcc-arm-none-eabi-5_4-2016q2-20160622-win32/bin/../lib/gcc/arm-none-eabi/5.4.1/armv6-m\libgcc.a
LOAD c:/ac6/systemworkbench/plugins/fr.ac6.mcu.externaltools.arm-none.win32_1.11.0.201610101338/tools/gcc-arm-none-eabi-5_4-2016q2-20160622-win32/bin/../lib/gcc/arm-none-eabi/5.4.1/../../../../arm-none-eabi/lib/armv6-m\libc_nano.a
LOAD c:/ac6/systemworkbench/plugins/fr.ac6.mcu.externaltools.arm-none.win32_1.11.0.201610101338/tools/gcc-arm-none-eabi-5_4-2016q2-20160622-win32/bin/../lib/gcc/arm-none-eabi/5.4.1/../../../../arm-none-eabi/lib/armv6-m\libnosys.a
END GROUP
LOAD c:/ac6/systemworkbench/plugins/fr.ac6.mcu.externaltools.arm-none.win32_1.11.0.201610101338/tools/gcc-arm-none-eabi-5_4-2016q2-20160622-win32/bin/../lib/gcc/arm-none-eabi/5.4.1/armv6-m/crtend.o
LOAD c:/ac6/systemworkbench/plugins/fr.ac6.mcu.externaltools.arm-none.win32_1.11.0.201610101338/tools/gcc-arm-none-eabi-5_4-2016q2-20160622-win32/bin/../lib/gcc/arm-none-eabi/5.4.1/armv6-m/crtn.o
                0x20001800                _estack = 0x20001800
                0x00000200                _Min_Heap_Size = 0x200
                0x00000400                _Min_Stack_Size = 0x400

.isr_vector     0x08000000       0xc0
                0x08000000                . = ALIGN (0x4)
 *(.isr_vector)
 .isr_vector    0x08000000       0xc0 Drivers/CMSIS/Device/ST/STM32F0xx/Source/Templates/gcc/startup_stm32f042x6.o
                0x08000000                g_pfnVectors
                0x080000c0                . = ALIGN (0x4)

.text           0x080000c0     0x40dc
                0x080000c0                . = ALIGN (0x4)
 *(.text)
 .text          0x080000c0       0x60 c:/ac6/systemworkbench/plugins/fr.ac6.mcu.externaltools.arm-none.win32_1.11.0.201610101338/tools/gcc-arm-none-eabi-5_4-2016q2-20160622-win32/bin/../lib/gcc/arm-none-eabi/5.4.1/armv6-m/crtbegin.o
 .text          0x08000120      0x114 c:/ac6/systemworkbench/plugins/fr.ac6.mcu.externaltools.arm-none.win32_1.11.0.201610101338/tools/gcc-arm-none-eabi-5_4-2016q2-20160622-win32/bin/../lib/gcc/arm-none-eabi/5.4.1/armv6-m\libgcc.a(_udivsi3.o)
                0x08000120                __aeabi_uidiv
                0x08000120                __udivsi3
                0x0800022c                __aeabi_uidivmod
 .text          0x08000234        0x4 c:/ac6/systemworkbench/plugins/fr.ac6.mcu.externaltools.arm-none.win32_1.11.0.201610101338/tools/gcc-arm-none-eabi-5_4-2016q2-20160622-win32/bin/../lib/gcc/arm-none-eabi/5.4.1/armv6-m\libgcc.a(_dvmd_tls.o)
                0x08000234                __aeabi_idiv0
                0x08000234                __aeabi_ldiv0
 *(.text*)
 .text.Reset_Handler
                0x08000238       0x70 Drivers/CMSIS/Device/ST/STM32F0xx/Source/Templates/gcc/startup_stm32f042x6.o
                0x08000238                Reset_Handler
 .text.Default_Handler
                0x080002a8        0x2 Drivers/CMSIS/Device/ST/STM32F0xx/Source/Templates/gcc/startup_stm32f042x6.o
                0x080002a8                TIM1_CC_IRQHandler
                0x080002a8                TSC_IRQHandler
                0x080002a8                I2C1_IRQHandler
                0x080002a8                RCC_CRS_IRQHandler
                0x080002a8                SPI1_IRQHandler
                0x080002a8                EXTI2_3_IRQHandler
                0x080002a8                ADC1_IRQHandler
                0x080002a8                CEC_CAN_IRQHandler
                0x080002a8                RTC_IRQHandler
                0x080002a8                PVD_VDDIO2_IRQHandler
                0x080002a8                TIM16_IRQHandler
                0x080002a8                TIM3_IRQHandler
                0x080002a8                EXTI4_15_IRQHandler
                0x080002a8                Default_Handler
                0x080002a8                TIM14_IRQHandler
                0x080002a8                DMA1_Channel4_5_IRQHandler
                0x080002a8                EXTI0_1_IRQHandler
                0x080002a8                USB_IRQHandler
                0x080002a8                SPI2_IRQHandler
                0x080002a8                WWDG_IRQHandler
                0x080002a8                TIM2_IRQHandler
                0x080002a8                USART2_IRQHandler
                0x080002a8                FLASH_IRQHandler
                0x080002a8                USART1_IRQHandler
                0x080002a8                TIM1_BRK_UP_TRG_COM_IRQHandler
 *fill*         0x080002aa        0x2 
 .text.SystemInit
                0x080002ac       0x88 Drivers/CMSIS/Device/ST/STM32F0xx/Source/Templates/system_stm32f0xx.o
                0x080002ac                SystemInit
 .text.HAL_Init
                0x08000334       0x28 Drivers/STM32F0xx_HAL_Driver/Src/stm32f0xx_hal.o
                0x08000334                HAL_Init
 .text.HAL_InitTick
                0x0800035c       0x38 Drivers/STM32F0xx_HAL_Driver/Src/stm32f0xx_hal.o
                0x0800035c                HAL_InitTick
 .text.HAL_IncTick
                0x08000394       0x18 Drivers/STM32F0xx_HAL_Driver/Src/stm32f0xx_hal.o
                0x08000394                HAL_IncTick
 .text.HAL_GetTick
                0x080003ac       0x14 Drivers/STM32F0xx_HAL_Driver/Src/stm32f0xx_hal.o
                0x080003ac                HAL_GetTick
 .text.HAL_Delay
                0x080003c0       0x30 Drivers/STM32F0xx_HAL_Driver/Src/stm32f0xx_hal.o
                0x080003c0                HAL_Delay
 .text.HAL_ADC_Init
                0x080003f0      0x274 Drivers/STM32F0xx_HAL_Driver/Src/stm32f0xx_hal_adc.o
                0x080003f0                HAL_ADC_Init
 .text.HAL_ADC_Start_DMA
                0x08000664      0x104 Drivers/STM32F0xx_HAL_Driver/Src/stm32f0xx_hal_adc.o
                0x08000664                HAL_ADC_Start_DMA
 .text.HAL_ADC_ConvCpltCallback
                0x08000768       0x10 Drivers/STM32F0xx_HAL_Driver/Src/stm32f0xx_hal_adc.o
                0x08000768                HAL_ADC_ConvCpltCallback
 .text.HAL_ADC_ConvHalfCpltCallback
                0x08000778       0x10 Drivers/STM32F0xx_HAL_Driver/Src/stm32f0xx_hal_adc.o
                0x08000778                HAL_ADC_ConvHalfCpltCallback
 .text.HAL_ADC_ErrorCallback
                0x08000788       0x10 Drivers/STM32F0xx_HAL_Driver/Src/stm32f0xx_hal_adc.o
                0x08000788                HAL_ADC_ErrorCallback
 .text.HAL_ADC_ConfigChannel
                0x08000798      0x21c Drivers/STM32F0xx_HAL_Driver/Src/stm32f0xx_hal_adc.o
                0x08000798                HAL_ADC_ConfigChannel
 .text.ADC_Enable
                0x080009b4       0xf0 Drivers/STM32F0xx_HAL_Driver/Src/stm32f0xx_hal_adc.o
 .text.ADC_DMAConvCplt
                0x08000aa4       0xb0 Drivers/STM32F0xx_HAL_Driver/Src/stm32f0xx_hal_adc.o
 .text.ADC_DMAHalfConvCplt
                0x08000b54       0x20 Drivers/STM32F0xx_HAL_Driver/Src/stm32f0xx_hal_adc.o
 .text.ADC_DMAError
                0x08000b74       0x38 Drivers/STM32F0xx_HAL_Driver/Src/stm32f0xx_hal_adc.o
 .text.NVIC_EnableIRQ
                0x08000bac       0x2c Drivers/STM32F0xx_HAL_Driver/Src/stm32f0xx_hal_cortex.o
 .text.NVIC_SetPriority
                0x08000bd8       0xdc Drivers/STM32F0xx_HAL_Driver/Src/stm32f0xx_hal_cortex.o
 .text.SysTick_Config
                0x08000cb4       0x48 Drivers/STM32F0xx_HAL_Driver/Src/stm32f0xx_hal_cortex.o
 .text.HAL_NVIC_SetPriority
                0x08000cfc       0x2c Drivers/STM32F0xx_HAL_Driver/Src/stm32f0xx_hal_cortex.o
                0x08000cfc                HAL_NVIC_SetPriority
 .text.HAL_NVIC_EnableIRQ
                0x08000d28       0x20 Drivers/STM32F0xx_HAL_Driver/Src/stm32f0xx_hal_cortex.o
                0x08000d28                HAL_NVIC_EnableIRQ
 .text.HAL_SYSTICK_Config
                0x08000d48       0x1c Drivers/STM32F0xx_HAL_Driver/Src/stm32f0xx_hal_cortex.o
                0x08000d48                HAL_SYSTICK_Config
 .text.HAL_SYSTICK_CLKSourceConfig
                0x08000d64       0x34 Drivers/STM32F0xx_HAL_Driver/Src/stm32f0xx_hal_cortex.o
                0x08000d64                HAL_SYSTICK_CLKSourceConfig
 .text.HAL_SYSTICK_IRQHandler
                0x08000d98       0x10 Drivers/STM32F0xx_HAL_Driver/Src/stm32f0xx_hal_cortex.o
                0x08000d98                HAL_SYSTICK_IRQHandler
 .text.HAL_SYSTICK_Callback
                0x08000da8        0xc Drivers/STM32F0xx_HAL_Driver/Src/stm32f0xx_hal_cortex.o
                0x08000da8                HAL_SYSTICK_Callback
 .text.HAL_DMA_Init
                0x08000db4       0x94 Drivers/STM32F0xx_HAL_Driver/Src/stm32f0xx_hal_dma.o
                0x08000db4                HAL_DMA_Init
 .text.HAL_DMA_Start_IT
                0x08000e48       0x94 Drivers/STM32F0xx_HAL_Driver/Src/stm32f0xx_hal_dma.o
                0x08000e48                HAL_DMA_Start_IT
 .text.HAL_DMA_IRQHandler
                0x08000edc      0x2d8 Drivers/STM32F0xx_HAL_Driver/Src/stm32f0xx_hal_dma.o
                0x08000edc                HAL_DMA_IRQHandler
 .text.DMA_SetConfig
                0x080011b4       0x48 Drivers/STM32F0xx_HAL_Driver/Src/stm32f0xx_hal_dma.o
 .text.HAL_GPIO_Init
                0x080011fc      0x2d8 Drivers/STM32F0xx_HAL_Driver/Src/stm32f0xx_hal_gpio.o
                0x080011fc                HAL_GPIO_Init
 .text.HAL_GPIO_WritePin
                0x080014d4       0x3c Drivers/STM32F0xx_HAL_Driver/Src/stm32f0xx_hal_gpio.o
                0x080014d4                HAL_GPIO_WritePin
 .text.HAL_RCC_OscConfig
                0x08001510      0x6bc Drivers/STM32F0xx_HAL_Driver/Src/stm32f0xx_hal_rcc.o
                0x08001510                HAL_RCC_OscConfig
 .text.HAL_RCC_ClockConfig
                0x08001bcc      0x210 Drivers/STM32F0xx_HAL_Driver/Src/stm32f0xx_hal_rcc.o
                0x08001bcc                HAL_RCC_ClockConfig
 .text.HAL_RCC_GetSysClockFreq
                0x08001ddc      0x104 Drivers/STM32F0xx_HAL_Driver/Src/stm32f0xx_hal_rcc.o
                0x08001ddc                HAL_RCC_GetSysClockFreq
 .text.HAL_RCC_GetHCLKFreq
                0x08001ee0       0x14 Drivers/STM32F0xx_HAL_Driver/Src/stm32f0xx_hal_rcc.o
                0x08001ee0                HAL_RCC_GetHCLKFreq
 .text.HAL_SPI_Init
                0x08001ef4      0x150 Drivers/STM32F0xx_HAL_Driver/Src/stm32f0xx_hal_spi.o
                0x08001ef4                HAL_SPI_Init
 .text.HAL_SPI_TransmitReceive_DMA
                0x08002044      0x318 Drivers/STM32F0xx_HAL_Driver/Src/stm32f0xx_hal_spi.o
                0x08002044                HAL_SPI_TransmitReceive_DMA
 .text.HAL_SPI_RxCpltCallback
                0x0800235c       0x10 Drivers/STM32F0xx_HAL_Driver/Src/stm32f0xx_hal_spi.o
                0x0800235c                HAL_SPI_RxCpltCallback
 .text.HAL_SPI_TxRxCpltCallback
                0x0800236c       0x10 Drivers/STM32F0xx_HAL_Driver/Src/stm32f0xx_hal_spi.o
                0x0800236c                HAL_SPI_TxRxCpltCallback
 .text.HAL_SPI_RxHalfCpltCallback
                0x0800237c       0x10 Drivers/STM32F0xx_HAL_Driver/Src/stm32f0xx_hal_spi.o
                0x0800237c                HAL_SPI_RxHalfCpltCallback
 .text.HAL_SPI_TxRxHalfCpltCallback
                0x0800238c       0x10 Drivers/STM32F0xx_HAL_Driver/Src/stm32f0xx_hal_spi.o
                0x0800238c                HAL_SPI_TxRxHalfCpltCallback
 .text.HAL_SPI_ErrorCallback
                0x0800239c       0x10 Drivers/STM32F0xx_HAL_Driver/Src/stm32f0xx_hal_spi.o
                0x0800239c                HAL_SPI_ErrorCallback
 .text.HAL_SPI_GetState
                0x080023ac       0x18 Drivers/STM32F0xx_HAL_Driver/Src/stm32f0xx_hal_spi.o
                0x080023ac                HAL_SPI_GetState
 .text.SPI_DMAReceiveCplt
                0x080023c4      0x138 Drivers/STM32F0xx_HAL_Driver/Src/stm32f0xx_hal_spi.o
 .text.SPI_DMATransmitReceiveCplt
                0x080024fc      0x128 Drivers/STM32F0xx_HAL_Driver/Src/stm32f0xx_hal_spi.o
 .text.SPI_DMAHalfReceiveCplt
                0x08002624       0x20 Drivers/STM32F0xx_HAL_Driver/Src/stm32f0xx_hal_spi.o
 .text.SPI_DMAHalfTransmitReceiveCplt
                0x08002644       0x20 Drivers/STM32F0xx_HAL_Driver/Src/stm32f0xx_hal_spi.o
 .text.SPI_DMAError
                0x08002664       0x44 Drivers/STM32F0xx_HAL_Driver/Src/stm32f0xx_hal_spi.o
 .text.SPI_WaitFlagStateUntilTimeout
                0x080026a8       0xd8 Drivers/STM32F0xx_HAL_Driver/Src/stm32f0xx_hal_spi.o
 .text.SPI_WaitFifoStateUntilTimeout
                0x08002780      0x100 Drivers/STM32F0xx_HAL_Driver/Src/stm32f0xx_hal_spi.o
 .text.SPI_EndRxTransaction
                0x08002880       0xb0 Drivers/STM32F0xx_HAL_Driver/Src/stm32f0xx_hal_spi.o
 .text.SPI_EndRxTxTransaction
                0x08002930       0x58 Drivers/STM32F0xx_HAL_Driver/Src/stm32f0xx_hal_spi.o
 .text.HAL_TIM_Base_Init
                0x08002988       0x58 Drivers/STM32F0xx_HAL_Driver/Src/stm32f0xx_hal_tim.o
                0x08002988                HAL_TIM_Base_Init
 .text.HAL_TIM_Base_Start_IT
                0x080029e0       0x34 Drivers/STM32F0xx_HAL_Driver/Src/stm32f0xx_hal_tim.o
                0x080029e0                HAL_TIM_Base_Start_IT
 .text.HAL_TIM_IRQHandler
                0x08002a14      0x20c Drivers/STM32F0xx_HAL_Driver/Src/stm32f0xx_hal_tim.o
                0x08002a14                HAL_TIM_IRQHandler
 .text.HAL_TIM_PeriodElapsedCallback
                0x08002c20       0x10 Drivers/STM32F0xx_HAL_Driver/Src/stm32f0xx_hal_tim.o
                0x08002c20                HAL_TIM_PeriodElapsedCallback
 .text.HAL_TIM_OC_DelayElapsedCallback
                0x08002c30       0x10 Drivers/STM32F0xx_HAL_Driver/Src/stm32f0xx_hal_tim.o
                0x08002c30                HAL_TIM_OC_DelayElapsedCallback
 .text.HAL_TIM_IC_CaptureCallback
                0x08002c40       0x10 Drivers/STM32F0xx_HAL_Driver/Src/stm32f0xx_hal_tim.o
                0x08002c40                HAL_TIM_IC_CaptureCallback
 .text.HAL_TIM_PWM_PulseFinishedCallback
                0x08002c50       0x10 Drivers/STM32F0xx_HAL_Driver/Src/stm32f0xx_hal_tim.o
                0x08002c50                HAL_TIM_PWM_PulseFinishedCallback
 .text.HAL_TIM_TriggerCallback
                0x08002c60       0x10 Drivers/STM32F0xx_HAL_Driver/Src/stm32f0xx_hal_tim.o
                0x08002c60                HAL_TIM_TriggerCallback
 .text.TIM_Base_SetConfig
                0x08002c70       0xe0 Drivers/STM32F0xx_HAL_Driver/Src/stm32f0xx_hal_tim.o
                0x08002c70                TIM_Base_SetConfig
 .text.HAL_TIMEx_CommutationCallback
                0x08002d50       0x10 Drivers/STM32F0xx_HAL_Driver/Src/stm32f0xx_hal_tim_ex.o
                0x08002d50                HAL_TIMEx_CommutationCallback
 .text.HAL_TIMEx_BreakCallback
                0x08002d60       0x10 Drivers/STM32F0xx_HAL_Driver/Src/stm32f0xx_hal_tim_ex.o
                0x08002d60                HAL_TIMEx_BreakCallback
 .text.initNRF24L01P
                0x08002d70      0x190 Src/RF24.o
                0x08002d70                initNRF24L01P
 .text.startListening
                0x08002f00       0x70 Src/RF24.o
                0x08002f00                startListening
 .text.openWritingPipe
                0x08002f70       0x20 Src/RF24.o
                0x08002f70                openWritingPipe
 .text.openReadingPipe
                0x08002f90       0x6c Src/RF24.o
                0x08002f90                openReadingPipe
 .text.toggle_features
                0x08002ffc       0x14 Src/RF24.o
                0x08002ffc                toggle_features
 .text.enableDynamicPayloads
                0x08003010       0x6c Src/RF24.o
                0x08003010                enableDynamicPayloads
 .text.enableAckPayload
                0x0800307c       0xa0 Src/RF24.o
                0x0800307c                enableAckPayload
 .text.setAutoAck
                0x0800311c       0x54 Src/RF24.o
                0x0800311c                setAutoAck
 .text.setPALevel
                0x08003170       0xc8 Src/RF24.o
                0x08003170                setPALevel
 .text.setDataRate
                0x08003238       0xc4 Src/RF24.o
                0x08003238                setDataRate
 .text.setCRCLength
                0x080032fc       0x94 Src/RF24.o
                0x080032fc                setCRCLength
 .text.setRetries
                0x08003390       0x60 Src/RF24.o
                0x08003390                setRetries
 .text.clearInterruptFlag
                0x080033f0       0x84 Src/RF24.o
                0x080033f0                clearInterruptFlag
 .text.setInterruptSource
                0x08003474       0xd4 Src/RF24.o
                0x08003474                setInterruptSource
 .text.setChannel
                0x08003548       0x4c Src/RF24.o
                0x08003548                setChannel
 .text.flush_rx
                0x08003594       0x20 Src/RF24.o
                0x08003594                flush_rx
 .text.flush_tx
                0x080035b4       0x20 Src/RF24.o
                0x080035b4                flush_tx
 .text.csn      0x080035d4       0x24 Src/RF24.o
                0x080035d4                csn
 .text.ce       0x080035f8       0x24 Src/RF24.o
                0x080035f8                ce
 .text.readRadioRegister
                0x0800361c       0x38 Src/RF24.o
                0x0800361c                readRadioRegister
 .text.writeRadioRegisters
                0x08003654       0x48 Src/RF24.o
                0x08003654                writeRadioRegisters
 .text.writeRadioRegister
                0x0800369c       0x44 Src/RF24.o
                0x0800369c                writeRadioRegister
 .text.MX_ADC_Init
                0x080036e0       0x9c Src/adc.o
                0x080036e0                MX_ADC_Init
 .text.HAL_ADC_MspInit
                0x0800377c       0xc0 Src/adc.o
                0x0800377c                HAL_ADC_MspInit
 .text.MX_DMA_Init
                0x0800383c       0x4c Src/dma.o
                0x0800383c                MX_DMA_Init
 .text.MX_GPIO_Init
                0x08003888       0xe4 Src/gpio.o
                0x08003888                MX_GPIO_Init
 .text.main     0x0800396c       0x88 Src/main.o
                0x0800396c                main
 .text.SystemClock_Config
                0x080039f4       0xc4 Src/main.o
                0x080039f4                SystemClock_Config
 .text.Error_Handler
                0x08003ab8        0x8 Src/main.o
                0x08003ab8                Error_Handler
 .text.initRadio
                0x08003ac0       0xa4 Src/radio.o
                0x08003ac0                initRadio
 .text.MX_SPI1_Init
                0x08003b64       0x7c Src/spi.o
                0x08003b64                MX_SPI1_Init
 .text.HAL_SPI_MspInit
                0x08003be0      0x120 Src/spi.o
                0x08003be0                HAL_SPI_MspInit
 .text.HAL_MspInit
                0x08003d00       0x54 Src/stm32f0xx_hal_msp.o
                0x08003d00                HAL_MspInit
 .text.NMI_Handler
                0x08003d54        0xc Src/stm32f0xx_it.o
                0x08003d54                NMI_Handler
 .text.HardFault_Handler
                0x08003d60        0x8 Src/stm32f0xx_it.o
                0x08003d60                HardFault_Handler
 .text.SVC_Handler
                0x08003d68        0xc Src/stm32f0xx_it.o
                0x08003d68                SVC_Handler
 .text.PendSV_Handler
                0x08003d74        0xc Src/stm32f0xx_it.o
                0x08003d74                PendSV_Handler
 .text.SysTick_Handler
                0x08003d80       0x14 Src/stm32f0xx_it.o
                0x08003d80                SysTick_Handler
 .text.DMA1_Channel1_IRQHandler
                0x08003d94       0x18 Src/stm32f0xx_it.o
                0x08003d94                DMA1_Channel1_IRQHandler
 .text.DMA1_Channel2_3_IRQHandler
                0x08003dac       0x24 Src/stm32f0xx_it.o
                0x08003dac                DMA1_Channel2_3_IRQHandler
 .text.TIM17_IRQHandler
                0x08003dd0       0x34 Src/stm32f0xx_it.o
                0x08003dd0                TIM17_IRQHandler
 .text.MX_TIM17_Init
                0x08003e04       0x4c Src/tim.o
                0x08003e04                MX_TIM17_Init
 .text.HAL_TIM_Base_MspInit
                0x08003e50       0x50 Src/tim.o
                0x08003e50                HAL_TIM_Base_MspInit
 .text.delayMicroseconds
                0x08003ea0       0x44 Src/utilities.o
                0x08003ea0                delayMicroseconds
 .text.getMicroSeconds
                0x08003ee4       0x2c Src/utilities.o
                0x08003ee4                getMicroSeconds
 .text.SPIWriteRegisters
                0x08003f10       0xb0 Src/utilities.o
                0x08003f10                SPIWriteRegisters
 .text.SPIWriteRegister
                0x08003fc0       0x2c Src/utilities.o
                0x08003fc0                SPIWriteRegister
 .text.SPIWriteCommand
                0x08003fec       0xa0 Src/utilities.o
                0x08003fec                SPIWriteCommand
 .text.SPIReadByte
                0x0800408c       0x88 Src/utilities.o
                0x0800408c                SPIReadByte
 .text.__libc_init_array
                0x08004114       0x4c c:/ac6/systemworkbench/plugins/fr.ac6.mcu.externaltools.arm-none.win32_1.11.0.201610101338/tools/gcc-arm-none-eabi-5_4-2016q2-20160622-win32/bin/../lib/gcc/arm-none-eabi/5.4.1/../../../../arm-none-eabi/lib/armv6-m\libc_nano.a(lib_a-init.o)
                0x08004114                __libc_init_array
 .text.memcpy   0x08004160       0x12 c:/ac6/systemworkbench/plugins/fr.ac6.mcu.externaltools.arm-none.win32_1.11.0.201610101338/tools/gcc-arm-none-eabi-5_4-2016q2-20160622-win32/bin/../lib/gcc/arm-none-eabi/5.4.1/../../../../arm-none-eabi/lib/armv6-m\libc_nano.a(lib_a-memcpy-stub.o)
                0x08004160                memcpy
 .text.memset   0x08004172       0x10 c:/ac6/systemworkbench/plugins/fr.ac6.mcu.externaltools.arm-none.win32_1.11.0.201610101338/tools/gcc-arm-none-eabi-5_4-2016q2-20160622-win32/bin/../lib/gcc/arm-none-eabi/5.4.1/../../../../arm-none-eabi/lib/armv6-m\libc_nano.a(lib_a-memset.o)
                0x08004172                memset
 *(.glue_7)
 .glue_7        0x08004182        0x0 linker stubs
 *(.glue_7t)
 .glue_7t       0x08004182        0x0 linker stubs
 *(.eh_frame)
 *fill*         0x08004182        0x2 
 .eh_frame      0x08004184        0x0 c:/ac6/systemworkbench/plugins/fr.ac6.mcu.externaltools.arm-none.win32_1.11.0.201610101338/tools/gcc-arm-none-eabi-5_4-2016q2-20160622-win32/bin/../lib/gcc/arm-none-eabi/5.4.1/armv6-m/crtbegin.o
 *(.init)
 .init          0x08004184        0x4 c:/ac6/systemworkbench/plugins/fr.ac6.mcu.externaltools.arm-none.win32_1.11.0.201610101338/tools/gcc-arm-none-eabi-5_4-2016q2-20160622-win32/bin/../lib/gcc/arm-none-eabi/5.4.1/armv6-m/crti.o
                0x08004184                _init
 .init          0x08004188        0x8 c:/ac6/systemworkbench/plugins/fr.ac6.mcu.externaltools.arm-none.win32_1.11.0.201610101338/tools/gcc-arm-none-eabi-5_4-2016q2-20160622-win32/bin/../lib/gcc/arm-none-eabi/5.4.1/armv6-m/crtn.o
 *(.fini)
 .fini          0x08004190        0x4 c:/ac6/systemworkbench/plugins/fr.ac6.mcu.externaltools.arm-none.win32_1.11.0.201610101338/tools/gcc-arm-none-eabi-5_4-2016q2-20160622-win32/bin/../lib/gcc/arm-none-eabi/5.4.1/armv6-m/crti.o
                0x08004190                _fini
 .fini          0x08004194        0x8 c:/ac6/systemworkbench/plugins/fr.ac6.mcu.externaltools.arm-none.win32_1.11.0.201610101338/tools/gcc-arm-none-eabi-5_4-2016q2-20160622-win32/bin/../lib/gcc/arm-none-eabi/5.4.1/armv6-m/crtn.o
                0x0800419c                . = ALIGN (0x4)
                0x0800419c                _etext = .

.vfp11_veneer   0x0800419c        0x0
 .vfp11_veneer  0x0800419c        0x0 linker stubs

.v4_bx          0x0800419c        0x0
 .v4_bx         0x0800419c        0x0 linker stubs

.iplt           0x0800419c        0x0
 .iplt          0x0800419c        0x0 c:/ac6/systemworkbench/plugins/fr.ac6.mcu.externaltools.arm-none.win32_1.11.0.201610101338/tools/gcc-arm-none-eabi-5_4-2016q2-20160622-win32/bin/../lib/gcc/arm-none-eabi/5.4.1/armv6-m/crtbegin.o

.rodata         0x0800419c       0x50
                0x0800419c                . = ALIGN (0x4)
 *(.rodata)
 .rodata        0x0800419c       0x18 Drivers/CMSIS/Device/ST/STM32F0xx/Source/Templates/system_stm32f0xx.o
                0x0800419c                AHBPrescTable
                0x080041ac                APBPrescTable
 .rodata        0x080041b4       0x20 Drivers/STM32F0xx_HAL_Driver/Src/stm32f0xx_hal_rcc.o
 .rodata        0x080041d4       0x16 Src/RF24.o
 *(.rodata*)
                0x080041ec                . = ALIGN (0x4)
 *fill*         0x080041ea        0x2 

.rel.dyn        0x080041ec        0x0
 .rel.iplt      0x080041ec        0x0 c:/ac6/systemworkbench/plugins/fr.ac6.mcu.externaltools.arm-none.win32_1.11.0.201610101338/tools/gcc-arm-none-eabi-5_4-2016q2-20160622-win32/bin/../lib/gcc/arm-none-eabi/5.4.1/armv6-m/crtbegin.o

.ARM.extab
 *(.ARM.extab* .gnu.linkonce.armextab.*)

.ARM            0x080041ec        0x0
                0x080041ec                __exidx_start = .
 *(.ARM.exidx*)
                0x080041ec                __exidx_end = .

.preinit_array  0x080041ec        0x0
                0x080041ec                PROVIDE (__preinit_array_start, .)
 *(.preinit_array*)
                0x080041ec                PROVIDE (__preinit_array_end, .)

.init_array     0x080041ec        0x4
                0x080041ec                PROVIDE (__init_array_start, .)
 *(SORT(.init_array.*))
 *(.init_array*)
 .init_array    0x080041ec        0x4 c:/ac6/systemworkbench/plugins/fr.ac6.mcu.externaltools.arm-none.win32_1.11.0.201610101338/tools/gcc-arm-none-eabi-5_4-2016q2-20160622-win32/bin/../lib/gcc/arm-none-eabi/5.4.1/armv6-m/crtbegin.o
                0x080041f0                PROVIDE (__init_array_end, .)

.fini_array     0x080041f0        0x4
                [!provide]                PROVIDE (__fini_array_start, .)
 *(SORT(.fini_array.*))
 *(.fini_array*)
 .fini_array    0x080041f0        0x4 c:/ac6/systemworkbench/plugins/fr.ac6.mcu.externaltools.arm-none.win32_1.11.0.201610101338/tools/gcc-arm-none-eabi-5_4-2016q2-20160622-win32/bin/../lib/gcc/arm-none-eabi/5.4.1/armv6-m/crtbegin.o
                [!provide]                PROVIDE (__fini_array_end, .)
                0x080041f4                _sidata = LOADADDR (.data)

.data           0x20000000        0x4 load address 0x080041f4
                0x20000000                . = ALIGN (0x4)
                0x20000000                _sdata = .
 *(.data)
 .data          0x20000000        0x4 Drivers/CMSIS/Device/ST/STM32F0xx/Source/Templates/system_stm32f0xx.o
                0x20000000                SystemCoreClock
 *(.data*)
                0x20000004                . = ALIGN (0x4)
                0x20000004                _edata = .

.jcr            0x20000004        0x0 load address 0x080041f8
 .jcr           0x20000004        0x0 c:/ac6/systemworkbench/plugins/fr.ac6.mcu.externaltools.arm-none.win32_1.11.0.201610101338/tools/gcc-arm-none-eabi-5_4-2016q2-20160622-win32/bin/../lib/gcc/arm-none-eabi/5.4.1/armv6-m/crtbegin.o

.igot.plt       0x20000004        0x0 load address 0x080041f8
 .igot.plt      0x20000004        0x0 c:/ac6/systemworkbench/plugins/fr.ac6.mcu.externaltools.arm-none.win32_1.11.0.201610101338/tools/gcc-arm-none-eabi-5_4-2016q2-20160622-win32/bin/../lib/gcc/arm-none-eabi/5.4.1/armv6-m/crtbegin.o
                0x20000004                . = ALIGN (0x4)

.bss            0x20000008      0x1ec load address 0x080041f8
                0x20000008                _sbss = .
                0x20000008                __bss_start__ = _sbss
 *(.bss)
 .bss           0x20000008       0x1c c:/ac6/systemworkbench/plugins/fr.ac6.mcu.externaltools.arm-none.win32_1.11.0.201610101338/tools/gcc-arm-none-eabi-5_4-2016q2-20160622-win32/bin/../lib/gcc/arm-none-eabi/5.4.1/armv6-m/crtbegin.o
 .bss           0x20000024        0x1 Src/radio.o
                0x20000024                isRadioInitialized
 *(.bss*)
 *(COMMON)
 *fill*         0x20000025        0x3 
 COMMON         0x20000028        0x4 Drivers/STM32F0xx_HAL_Driver/Src/stm32f0xx_hal.o
                0x20000028                uwTick
 *fill*         0x2000002c        0x4 
 COMMON         0x20000030       0x13 Src/RF24.o
                0x20000030                dynamic_payloads_enabled
                0x20000031                ack_payload_length
                0x20000032                ack_payload_available
                0x20000033                isListening
                0x20000038                pipe0_reading_address
                0x20000040                p_variant
                0x20000041                wide_band
                0x20000042                payload_size
 *fill*         0x20000043        0x1 
 COMMON         0x20000044       0x88 Src/adc.o
                0x20000044                hdma_adc
                0x20000080                hadc
 COMMON         0x200000cc        0x4 Src/main.o
                0x200000cc                battery
 COMMON         0x200000d0       0xdc Src/spi.o
                0x200000d0                hspi1
                0x20000134                hdma_spi1_rx
                0x20000170                hdma_spi1_tx
 *fill*         0x200001ac        0x4 
 COMMON         0x200001b0        0x8 Src/stm32f0xx_it.o
                0x200001b0                microTick
 COMMON         0x200001b8       0x3c Src/tim.o
                0x200001b8                htim17
                0x200001f4                . = ALIGN (0x4)
                0x200001f4                _ebss = .
                0x200001f4                __bss_end__ = _ebss

._user_heap_stack
                0x200001f4      0x604 load address 0x080041f8
                0x200001f8                . = ALIGN (0x8)
 *fill*         0x200001f4        0x4 
                [!provide]                PROVIDE (end, .)
                [!provide]                PROVIDE (_end, .)
                0x200003f8                . = (. + _Min_Heap_Size)
 *fill*         0x200001f8      0x200 
                0x200007f8                . = (. + _Min_Stack_Size)
 *fill*         0x200003f8      0x400 
                0x200007f8                . = ALIGN (0x8)

/DISCARD/
 libc.a(*)
 libm.a(*)
 libgcc.a(*)

.ARM.attributes
                0x00000000       0x28
 *(.ARM.attributes)
 .ARM.attributes
                0x00000000       0x1e c:/ac6/systemworkbench/plugins/fr.ac6.mcu.externaltools.arm-none.win32_1.11.0.201610101338/tools/gcc-arm-none-eabi-5_4-2016q2-20160622-win32/bin/../lib/gcc/arm-none-eabi/5.4.1/armv6-m/crti.o
 .ARM.attributes
                0x0000001e       0x2c c:/ac6/systemworkbench/plugins/fr.ac6.mcu.externaltools.arm-none.win32_1.11.0.201610101338/tools/gcc-arm-none-eabi-5_4-2016q2-20160622-win32/bin/../lib/gcc/arm-none-eabi/5.4.1/armv6-m/crtbegin.o
 .ARM.attributes
                0x0000004a       0x21 Drivers/CMSIS/Device/ST/STM32F0xx/Source/Templates/gcc/startup_stm32f042x6.o
 .ARM.attributes
                0x0000006b       0x31 Drivers/CMSIS/Device/ST/STM32F0xx/Source/Templates/system_stm32f0xx.o
 .ARM.attributes
                0x0000009c       0x31 Drivers/STM32F0xx_HAL_Driver/Src/stm32f0xx_hal.o
 .ARM.attributes
                0x000000cd       0x31 Drivers/STM32F0xx_HAL_Driver/Src/stm32f0xx_hal_adc.o
 .ARM.attributes
                0x000000fe       0x31 Drivers/STM32F0xx_HAL_Driver/Src/stm32f0xx_hal_cortex.o
 .ARM.attributes
                0x0000012f       0x31 Drivers/STM32F0xx_HAL_Driver/Src/stm32f0xx_hal_dma.o
 .ARM.attributes
                0x00000160       0x31 Drivers/STM32F0xx_HAL_Driver/Src/stm32f0xx_hal_gpio.o
 .ARM.attributes
                0x00000191       0x31 Drivers/STM32F0xx_HAL_Driver/Src/stm32f0xx_hal_rcc.o
 .ARM.attributes
                0x000001c2       0x31 Drivers/STM32F0xx_HAL_Driver/Src/stm32f0xx_hal_spi.o
 .ARM.attributes
                0x000001f3       0x31 Drivers/STM32F0xx_HAL_Driver/Src/stm32f0xx_hal_tim.o
 .ARM.attributes
                0x00000224       0x31 Drivers/STM32F0xx_HAL_Driver/Src/stm32f0xx_hal_tim_ex.o
 .ARM.attributes
                0x00000255       0x31 Src/RF24.o
 .ARM.attributes
                0x00000286       0x31 Src/adc.o
 .ARM.attributes
                0x000002b7       0x31 Src/dma.o
 .ARM.attributes
                0x000002e8       0x31 Src/gpio.o
 .ARM.attributes
                0x00000319       0x31 Src/main.o
 .ARM.attributes
                0x0000034a       0x31 Src/radio.o
 .ARM.attributes
                0x0000037b       0x31 Src/spi.o
 .ARM.attributes
                0x000003ac       0x31 Src/stm32f0xx_hal_msp.o
 .ARM.attributes
                0x000003dd       0x31 Src/stm32f0xx_it.o
 .ARM.attributes
                0x0000040e       0x31 Src/tim.o
 .ARM.attributes
                0x0000043f       0x31 Src/utilities.o
 .ARM.attributes
                0x00000470       0x1e c:/ac6/systemworkbench/plugins/fr.ac6.mcu.externaltools.arm-none.win32_1.11.0.201610101338/tools/gcc-arm-none-eabi-5_4-2016q2-20160622-win32/bin/../lib/gcc/arm-none-eabi/5.4.1/armv6-m\libgcc.a(_udivsi3.o)
 .ARM.attributes
                0x0000048e       0x1e c:/ac6/systemworkbench/plugins/fr.ac6.mcu.externaltools.arm-none.win32_1.11.0.201610101338/tools/gcc-arm-none-eabi-5_4-2016q2-20160622-win32/bin/../lib/gcc/arm-none-eabi/5.4.1/armv6-m\libgcc.a(_dvmd_tls.o)
 .ARM.attributes
                0x000004ac       0x2c c:/ac6/systemworkbench/plugins/fr.ac6.mcu.externaltools.arm-none.win32_1.11.0.201610101338/tools/gcc-arm-none-eabi-5_4-2016q2-20160622-win32/bin/../lib/gcc/arm-none-eabi/5.4.1/../../../../arm-none-eabi/lib/armv6-m\libc_nano.a(lib_a-init.o)
 .ARM.attributes
                0x000004d8       0x2c c:/ac6/systemworkbench/plugins/fr.ac6.mcu.externaltools.arm-none.win32_1.11.0.201610101338/tools/gcc-arm-none-eabi-5_4-2016q2-20160622-win32/bin/../lib/gcc/arm-none-eabi/5.4.1/../../../../arm-none-eabi/lib/armv6-m\libc_nano.a(lib_a-memcpy-stub.o)
 .ARM.attributes
                0x00000504       0x2c c:/ac6/systemworkbench/plugins/fr.ac6.mcu.externaltools.arm-none.win32_1.11.0.201610101338/tools/gcc-arm-none-eabi-5_4-2016q2-20160622-win32/bin/../lib/gcc/arm-none-eabi/5.4.1/../../../../arm-none-eabi/lib/armv6-m\libc_nano.a(lib_a-memset.o)
 .ARM.attributes
                0x00000530       0x1e c:/ac6/systemworkbench/plugins/fr.ac6.mcu.externaltools.arm-none.win32_1.11.0.201610101338/tools/gcc-arm-none-eabi-5_4-2016q2-20160622-win32/bin/../lib/gcc/arm-none-eabi/5.4.1/armv6-m/crtn.o
OUTPUT(ModulIMU_HAL.elf elf32-littlearm)

.debug_line     0x00000000     0xf37a
 .debug_line    0x00000000       0xc4 Drivers/CMSIS/Device/ST/STM32F0xx/Source/Templates/gcc/startup_stm32f042x6.o
 .debug_line    0x000000c4      0x910 Drivers/CMSIS/Device/ST/STM32F0xx/Source/Templates/system_stm32f0xx.o
 .debug_line    0x000009d4      0x9f2 Drivers/STM32F0xx_HAL_Driver/Src/stm32f0xx_hal.o
 .debug_line    0x000013c6      0xe69 Drivers/STM32F0xx_HAL_Driver/Src/stm32f0xx_hal_adc.o
 .debug_line    0x0000222f      0xa7c Drivers/STM32F0xx_HAL_Driver/Src/stm32f0xx_hal_cortex.o
 .debug_line    0x00002cab      0xdaa Drivers/STM32F0xx_HAL_Driver/Src/stm32f0xx_hal_dma.o
 .debug_line    0x00003a55      0xa1d Drivers/STM32F0xx_HAL_Driver/Src/stm32f0xx_hal_gpio.o
 .debug_line    0x00004472      0xb3d Drivers/STM32F0xx_HAL_Driver/Src/stm32f0xx_hal_rcc.o
 .debug_line    0x00004faf     0x1207 Drivers/STM32F0xx_HAL_Driver/Src/stm32f0xx_hal_spi.o
 .debug_line    0x000061b6     0x1ae1 Drivers/STM32F0xx_HAL_Driver/Src/stm32f0xx_hal_tim.o
 .debug_line    0x00007c97      0xecb Drivers/STM32F0xx_HAL_Driver/Src/stm32f0xx_hal_tim_ex.o
 .debug_line    0x00008b62      0xdda Src/RF24.o
 .debug_line    0x0000993c      0x8fd Src/adc.o
 .debug_line    0x0000a239      0x8a4 Src/dma.o
 .debug_line    0x0000aadd      0x8b0 Src/gpio.o
 .debug_line    0x0000b38d      0x974 Src/main.o
 .debug_line    0x0000bd01      0x91d Src/radio.o
 .debug_line    0x0000c61e      0x906 Src/spi.o
 .debug_line    0x0000cf24      0x8a8 Src/stm32f0xx_hal_msp.o
 .debug_line    0x0000d7cc      0x933 Src/stm32f0xx_it.o
 .debug_line    0x0000e0ff      0x8cf Src/tim.o
 .debug_line    0x0000e9ce      0x9ac Src/utilities.o

.debug_info     0x00000000     0xb923
 .debug_info    0x00000000       0xae Drivers/CMSIS/Device/ST/STM32F0xx/Source/Templates/gcc/startup_stm32f042x6.o
 .debug_info    0x000000ae      0x247 Drivers/CMSIS/Device/ST/STM32F0xx/Source/Templates/system_stm32f0xx.o
 .debug_info    0x000002f5      0x518 Drivers/STM32F0xx_HAL_Driver/Src/stm32f0xx_hal.o
 .debug_info    0x0000080d      0xbb5 Drivers/STM32F0xx_HAL_Driver/Src/stm32f0xx_hal_adc.o
 .debug_info    0x000013c2      0x6c1 Drivers/STM32F0xx_HAL_Driver/Src/stm32f0xx_hal_cortex.o
 .debug_info    0x00001a83      0x5ab Drivers/STM32F0xx_HAL_Driver/Src/stm32f0xx_hal_dma.o
 .debug_info    0x0000202e      0x5e1 Drivers/STM32F0xx_HAL_Driver/Src/stm32f0xx_hal_gpio.o
 .debug_info    0x0000260f      0x7ab Drivers/STM32F0xx_HAL_Driver/Src/stm32f0xx_hal_rcc.o
 .debug_info    0x00002dba     0x1275 Drivers/STM32F0xx_HAL_Driver/Src/stm32f0xx_hal_spi.o
 .debug_info    0x0000402f     0x20f0 Drivers/STM32F0xx_HAL_Driver/Src/stm32f0xx_hal_tim.o
 .debug_info    0x0000611f      0xec6 Drivers/STM32F0xx_HAL_Driver/Src/stm32f0xx_hal_tim_ex.o
 .debug_info    0x00006fe5      0xe32 Src/RF24.o
 .debug_info    0x00007e17      0x755 Src/adc.o
 .debug_info    0x0000856c      0x262 Src/dma.o
 .debug_info    0x000087ce      0x307 Src/gpio.o
 .debug_info    0x00008ad5      0xa50 Src/main.o
 .debug_info    0x00009525      0x241 Src/radio.o
 .debug_info    0x00009766      0x7bd Src/spi.o
 .debug_info    0x00009f23      0x262 Src/stm32f0xx_hal_msp.o
 .debug_info    0x0000a185      0x5ab Src/stm32f0xx_it.o
 .debug_info    0x0000a730      0x715 Src/tim.o
 .debug_info    0x0000ae45      0xade Src/utilities.o

.debug_abbrev   0x00000000     0x2116
 .debug_abbrev  0x00000000       0x12 Drivers/CMSIS/Device/ST/STM32F0xx/Source/Templates/gcc/startup_stm32f042x6.o
 .debug_abbrev  0x00000012       0xf3 Drivers/CMSIS/Device/ST/STM32F0xx/Source/Templates/system_stm32f0xx.o
 .debug_abbrev  0x00000105      0x179 Drivers/STM32F0xx_HAL_Driver/Src/stm32f0xx_hal.o
 .debug_abbrev  0x0000027e      0x1d3 Drivers/STM32F0xx_HAL_Driver/Src/stm32f0xx_hal_adc.o
 .debug_abbrev  0x00000451      0x234 Drivers/STM32F0xx_HAL_Driver/Src/stm32f0xx_hal_cortex.o
 .debug_abbrev  0x00000685      0x1a5 Drivers/STM32F0xx_HAL_Driver/Src/stm32f0xx_hal_dma.o
 .debug_abbrev  0x0000082a      0x1b6 Drivers/STM32F0xx_HAL_Driver/Src/stm32f0xx_hal_gpio.o
 .debug_abbrev  0x000009e0      0x1eb Drivers/STM32F0xx_HAL_Driver/Src/stm32f0xx_hal_rcc.o
 .debug_abbrev  0x00000bcb      0x221 Drivers/STM32F0xx_HAL_Driver/Src/stm32f0xx_hal_spi.o
 .debug_abbrev  0x00000dec      0x212 Drivers/STM32F0xx_HAL_Driver/Src/stm32f0xx_hal_tim.o
 .debug_abbrev  0x00000ffe      0x1ef Drivers/STM32F0xx_HAL_Driver/Src/stm32f0xx_hal_tim_ex.o
 .debug_abbrev  0x000011ed      0x2b1 Src/RF24.o
 .debug_abbrev  0x0000149e      0x14f Src/adc.o
 .debug_abbrev  0x000015ed       0xca Src/dma.o
 .debug_abbrev  0x000016b7      0x109 Src/gpio.o
 .debug_abbrev  0x000017c0      0x1ac Src/main.o
 .debug_abbrev  0x0000196c      0x10a Src/radio.o
 .debug_abbrev  0x00001a76      0x167 Src/spi.o
 .debug_abbrev  0x00001bdd       0xca Src/stm32f0xx_hal_msp.o
 .debug_abbrev  0x00001ca7      0x14f Src/stm32f0xx_it.o
 .debug_abbrev  0x00001df6      0x170 Src/tim.o
 .debug_abbrev  0x00001f66      0x1b0 Src/utilities.o

.debug_aranges  0x00000000      0xe10
 .debug_aranges
                0x00000000       0x28 Drivers/CMSIS/Device/ST/STM32F0xx/Source/Templates/gcc/startup_stm32f042x6.o
 .debug_aranges
                0x00000028       0x28 Drivers/CMSIS/Device/ST/STM32F0xx/Source/Templates/system_stm32f0xx.o
 .debug_aranges
                0x00000050       0xa0 Drivers/STM32F0xx_HAL_Driver/Src/stm32f0xx_hal.o
 .debug_aranges
                0x000000f0       0xf8 Drivers/STM32F0xx_HAL_Driver/Src/stm32f0xx_hal_adc.o
 .debug_aranges
                0x000001e8       0xc0 Drivers/STM32F0xx_HAL_Driver/Src/stm32f0xx_hal_cortex.o
 .debug_aranges
                0x000002a8       0x70 Drivers/STM32F0xx_HAL_Driver/Src/stm32f0xx_hal_dma.o
 .debug_aranges
                0x00000318       0x58 Drivers/STM32F0xx_HAL_Driver/Src/stm32f0xx_hal_gpio.o
 .debug_aranges
                0x00000370       0x80 Drivers/STM32F0xx_HAL_Driver/Src/stm32f0xx_hal_rcc.o
 .debug_aranges
                0x000003f0      0x1b8 Drivers/STM32F0xx_HAL_Driver/Src/stm32f0xx_hal_spi.o
 .debug_aranges
                0x000005a8      0x368 Drivers/STM32F0xx_HAL_Driver/Src/stm32f0xx_hal_tim.o
 .debug_aranges
                0x00000910      0x140 Drivers/STM32F0xx_HAL_Driver/Src/stm32f0xx_hal_tim_ex.o
 .debug_aranges
                0x00000a50      0x1c0 Src/RF24.o
 .debug_aranges
                0x00000c10       0x30 Src/adc.o
 .debug_aranges
                0x00000c40       0x20 Src/dma.o
 .debug_aranges
                0x00000c60       0x20 Src/gpio.o
 .debug_aranges
                0x00000c80       0x30 Src/main.o
 .debug_aranges
                0x00000cb0       0x30 Src/radio.o
 .debug_aranges
                0x00000ce0       0x30 Src/spi.o
 .debug_aranges
                0x00000d10       0x20 Src/stm32f0xx_hal_msp.o
 .debug_aranges
                0x00000d30       0x58 Src/stm32f0xx_it.o
 .debug_aranges
                0x00000d88       0x30 Src/tim.o
 .debug_aranges
                0x00000db8       0x58 Src/utilities.o

.debug_ranges   0x00000000      0xcb8
 .debug_ranges  0x00000000       0x20 Drivers/CMSIS/Device/ST/STM32F0xx/Source/Templates/gcc/startup_stm32f042x6.o
 .debug_ranges  0x00000020       0x18 Drivers/CMSIS/Device/ST/STM32F0xx/Source/Templates/system_stm32f0xx.o
 .debug_ranges  0x00000038       0x90 Drivers/STM32F0xx_HAL_Driver/Src/stm32f0xx_hal.o
 .debug_ranges  0x000000c8       0xe8 Drivers/STM32F0xx_HAL_Driver/Src/stm32f0xx_hal_adc.o
 .debug_ranges  0x000001b0       0xb0 Drivers/STM32F0xx_HAL_Driver/Src/stm32f0xx_hal_cortex.o
 .debug_ranges  0x00000260       0x60 Drivers/STM32F0xx_HAL_Driver/Src/stm32f0xx_hal_dma.o
 .debug_ranges  0x000002c0       0x48 Drivers/STM32F0xx_HAL_Driver/Src/stm32f0xx_hal_gpio.o
 .debug_ranges  0x00000308       0x70 Drivers/STM32F0xx_HAL_Driver/Src/stm32f0xx_hal_rcc.o
 .debug_ranges  0x00000378      0x1a8 Drivers/STM32F0xx_HAL_Driver/Src/stm32f0xx_hal_spi.o
 .debug_ranges  0x00000520      0x358 Drivers/STM32F0xx_HAL_Driver/Src/stm32f0xx_hal_tim.o
 .debug_ranges  0x00000878      0x130 Drivers/STM32F0xx_HAL_Driver/Src/stm32f0xx_hal_tim_ex.o
 .debug_ranges  0x000009a8      0x1b0 Src/RF24.o
 .debug_ranges  0x00000b58       0x20 Src/adc.o
 .debug_ranges  0x00000b78       0x10 Src/dma.o
 .debug_ranges  0x00000b88       0x10 Src/gpio.o
 .debug_ranges  0x00000b98       0x20 Src/main.o
 .debug_ranges  0x00000bb8       0x20 Src/radio.o
 .debug_ranges  0x00000bd8       0x20 Src/spi.o
 .debug_ranges  0x00000bf8       0x10 Src/stm32f0xx_hal_msp.o
 .debug_ranges  0x00000c08       0x48 Src/stm32f0xx_it.o
 .debug_ranges  0x00000c50       0x20 Src/tim.o
 .debug_ranges  0x00000c70       0x48 Src/utilities.o

.debug_macro    0x00000000    0x1b5c7
 .debug_macro   0x00000000      0x316 Drivers/CMSIS/Device/ST/STM32F0xx/Source/Templates/system_stm32f0xx.o
 .debug_macro   0x00000316      0x832 Drivers/CMSIS/Device/ST/STM32F0xx/Source/Templates/system_stm32f0xx.o
 .debug_macro   0x00000b48       0x2e Drivers/CMSIS/Device/ST/STM32F0xx/Source/Templates/system_stm32f0xx.o
 .debug_macro   0x00000b76       0x22 Drivers/CMSIS/Device/ST/STM32F0xx/Source/Templates/system_stm32f0xx.o
 .debug_macro   0x00000b98       0x22 Drivers/CMSIS/Device/ST/STM32F0xx/Source/Templates/system_stm32f0xx.o
 .debug_macro   0x00000bba       0x87 Drivers/CMSIS/Device/ST/STM32F0xx/Source/Templates/system_stm32f0xx.o
 .debug_macro   0x00000c41       0x44 Drivers/CMSIS/Device/ST/STM32F0xx/Source/Templates/system_stm32f0xx.o
 .debug_macro   0x00000c85       0xfd Drivers/CMSIS/Device/ST/STM32F0xx/Source/Templates/system_stm32f0xx.o
 .debug_macro   0x00000d82       0x5e Drivers/CMSIS/Device/ST/STM32F0xx/Source/Templates/system_stm32f0xx.o
 .debug_macro   0x00000de0      0x1df Drivers/CMSIS/Device/ST/STM32F0xx/Source/Templates/system_stm32f0xx.o
 .debug_macro   0x00000fbf       0x34 Drivers/CMSIS/Device/ST/STM32F0xx/Source/Templates/system_stm32f0xx.o
 .debug_macro   0x00000ff3       0x26 Drivers/CMSIS/Device/ST/STM32F0xx/Source/Templates/system_stm32f0xx.o
 .debug_macro   0x00001019      0x30d Drivers/CMSIS/Device/ST/STM32F0xx/Source/Templates/system_stm32f0xx.o
 .debug_macro   0x00001326     0xf081 Drivers/CMSIS/Device/ST/STM32F0xx/Source/Templates/system_stm32f0xx.o
 .debug_macro   0x000103a7       0x3c Drivers/CMSIS/Device/ST/STM32F0xx/Source/Templates/system_stm32f0xx.o
 .debug_macro   0x000103e3       0x3a Drivers/CMSIS/Device/ST/STM32F0xx/Source/Templates/system_stm32f0xx.o
 .debug_macro   0x0001041d       0xaa Drivers/CMSIS/Device/ST/STM32F0xx/Source/Templates/system_stm32f0xx.o
 .debug_macro   0x000104c7     0x3398 Drivers/CMSIS/Device/ST/STM32F0xx/Source/Templates/system_stm32f0xx.o
 .debug_macro   0x0001385f       0x52 Drivers/CMSIS/Device/ST/STM32F0xx/Source/Templates/system_stm32f0xx.o
 .debug_macro   0x000138b1       0x35 Drivers/CMSIS/Device/ST/STM32F0xx/Source/Templates/system_stm32f0xx.o
 .debug_macro   0x000138e6       0x9c Drivers/CMSIS/Device/ST/STM32F0xx/Source/Templates/system_stm32f0xx.o
 .debug_macro   0x00013982       0x16 Drivers/CMSIS/Device/ST/STM32F0xx/Source/Templates/system_stm32f0xx.o
 .debug_macro   0x00013998       0x97 Drivers/CMSIS/Device/ST/STM32F0xx/Source/Templates/system_stm32f0xx.o
 .debug_macro   0x00013a2f      0x30d Drivers/CMSIS/Device/ST/STM32F0xx/Source/Templates/system_stm32f0xx.o
 .debug_macro   0x00013d3c       0xfd Drivers/CMSIS/Device/ST/STM32F0xx/Source/Templates/system_stm32f0xx.o
 .debug_macro   0x00013e39       0x10 Drivers/CMSIS/Device/ST/STM32F0xx/Source/Templates/system_stm32f0xx.o
 .debug_macro   0x00013e49       0x52 Drivers/CMSIS/Device/ST/STM32F0xx/Source/Templates/system_stm32f0xx.o
 .debug_macro   0x00013e9b       0x1f Drivers/CMSIS/Device/ST/STM32F0xx/Source/Templates/system_stm32f0xx.o
 .debug_macro   0x00013eba       0x43 Drivers/CMSIS/Device/ST/STM32F0xx/Source/Templates/system_stm32f0xx.o
 .debug_macro   0x00013efd       0x20 Drivers/CMSIS/Device/ST/STM32F0xx/Source/Templates/system_stm32f0xx.o
 .debug_macro   0x00013f1d      0x187 Drivers/CMSIS/Device/ST/STM32F0xx/Source/Templates/system_stm32f0xx.o
 .debug_macro   0x000140a4       0x10 Drivers/CMSIS/Device/ST/STM32F0xx/Source/Templates/system_stm32f0xx.o
 .debug_macro   0x000140b4       0x1c Drivers/CMSIS/Device/ST/STM32F0xx/Source/Templates/system_stm32f0xx.o
 .debug_macro   0x000140d0       0x52 Drivers/CMSIS/Device/ST/STM32F0xx/Source/Templates/system_stm32f0xx.o
 .debug_macro   0x00014122       0x40 Drivers/CMSIS/Device/ST/STM32F0xx/Source/Templates/system_stm32f0xx.o
 .debug_macro   0x00014162       0x10 Drivers/CMSIS/Device/ST/STM32F0xx/Source/Templates/system_stm32f0xx.o
 .debug_macro   0x00014172       0x40 Drivers/CMSIS/Device/ST/STM32F0xx/Source/Templates/system_stm32f0xx.o
 .debug_macro   0x000141b2       0xd7 Drivers/CMSIS/Device/ST/STM32F0xx/Source/Templates/system_stm32f0xx.o
 .debug_macro   0x00014289       0x16 Drivers/CMSIS/Device/ST/STM32F0xx/Source/Templates/system_stm32f0xx.o
 .debug_macro   0x0001429f      0x189 Drivers/CMSIS/Device/ST/STM32F0xx/Source/Templates/system_stm32f0xx.o
 .debug_macro   0x00014428       0x49 Drivers/CMSIS/Device/ST/STM32F0xx/Source/Templates/system_stm32f0xx.o
 .debug_macro   0x00014471      0x953 Drivers/CMSIS/Device/ST/STM32F0xx/Source/Templates/system_stm32f0xx.o
 .debug_macro   0x00014dc4      0x46b Drivers/CMSIS/Device/ST/STM32F0xx/Source/Templates/system_stm32f0xx.o
 .debug_macro   0x0001522f      0x13a Drivers/CMSIS/Device/ST/STM32F0xx/Source/Templates/system_stm32f0xx.o
 .debug_macro   0x00015369      0x130 Drivers/CMSIS/Device/ST/STM32F0xx/Source/Templates/system_stm32f0xx.o
 .debug_macro   0x00015499      0x1e6 Drivers/CMSIS/Device/ST/STM32F0xx/Source/Templates/system_stm32f0xx.o
 .debug_macro   0x0001567f       0x34 Drivers/CMSIS/Device/ST/STM32F0xx/Source/Templates/system_stm32f0xx.o
 .debug_macro   0x000156b3       0x43 Drivers/CMSIS/Device/ST/STM32F0xx/Source/Templates/system_stm32f0xx.o
 .debug_macro   0x000156f6       0x29 Drivers/CMSIS/Device/ST/STM32F0xx/Source/Templates/system_stm32f0xx.o
 .debug_macro   0x0001571f      0x344 Drivers/CMSIS/Device/ST/STM32F0xx/Source/Templates/system_stm32f0xx.o
 .debug_macro   0x00015a63       0xd0 Drivers/CMSIS/Device/ST/STM32F0xx/Source/Templates/system_stm32f0xx.o
 .debug_macro   0x00015b33       0xb6 Drivers/CMSIS/Device/ST/STM32F0xx/Source/Templates/system_stm32f0xx.o
 .debug_macro   0x00015be9      0x182 Drivers/CMSIS/Device/ST/STM32F0xx/Source/Templates/system_stm32f0xx.o
 .debug_macro   0x00015d6b      0x202 Drivers/CMSIS/Device/ST/STM32F0xx/Source/Templates/system_stm32f0xx.o
 .debug_macro   0x00015f6d       0x5b Drivers/CMSIS/Device/ST/STM32F0xx/Source/Templates/system_stm32f0xx.o
 .debug_macro   0x00015fc8       0x90 Drivers/CMSIS/Device/ST/STM32F0xx/Source/Templates/system_stm32f0xx.o
 .debug_macro   0x00016058       0x4d Drivers/CMSIS/Device/ST/STM32F0xx/Source/Templates/system_stm32f0xx.o
 .debug_macro   0x000160a5      0x161 Drivers/CMSIS/Device/ST/STM32F0xx/Source/Templates/system_stm32f0xx.o
 .debug_macro   0x00016206      0x2e2 Drivers/CMSIS/Device/ST/STM32F0xx/Source/Templates/system_stm32f0xx.o
 .debug_macro   0x000164e8      0x814 Drivers/CMSIS/Device/ST/STM32F0xx/Source/Templates/system_stm32f0xx.o
 .debug_macro   0x00016cfc       0x47 Drivers/CMSIS/Device/ST/STM32F0xx/Source/Templates/system_stm32f0xx.o
 .debug_macro   0x00016d43      0x127 Drivers/CMSIS/Device/ST/STM32F0xx/Source/Templates/system_stm32f0xx.o
 .debug_macro   0x00016e6a      0x33a Drivers/STM32F0xx_HAL_Driver/Src/stm32f0xx_hal.o
 .debug_macro   0x000171a4      0x33a Drivers/STM32F0xx_HAL_Driver/Src/stm32f0xx_hal_adc.o
 .debug_macro   0x000174de      0x316 Drivers/STM32F0xx_HAL_Driver/Src/stm32f0xx_hal_cortex.o
 .debug_macro   0x000177f4      0x31c Drivers/STM32F0xx_HAL_Driver/Src/stm32f0xx_hal_dma.o
 .debug_macro   0x00017b10      0x34f Drivers/STM32F0xx_HAL_Driver/Src/stm32f0xx_hal_gpio.o
 .debug_macro   0x00017e5f      0x328 Drivers/STM32F0xx_HAL_Driver/Src/stm32f0xx_hal_rcc.o
 .debug_macro   0x00018187      0x31d Drivers/STM32F0xx_HAL_Driver/Src/stm32f0xx_hal_spi.o
 .debug_macro   0x000184a4      0x317 Drivers/STM32F0xx_HAL_Driver/Src/stm32f0xx_hal_tim.o
 .debug_macro   0x000187bb      0x316 Drivers/STM32F0xx_HAL_Driver/Src/stm32f0xx_hal_tim_ex.o
 .debug_macro   0x00018ad1      0x359 Src/RF24.o
 .debug_macro   0x00018e2a       0x4c Src/RF24.o
 .debug_macro   0x00018e76       0x8d Src/RF24.o
 .debug_macro   0x00018f03      0x174 Src/RF24.o
 .debug_macro   0x00019077       0x4a Src/RF24.o
 .debug_macro   0x000190c1       0x10 Src/RF24.o
 .debug_macro   0x000190d1       0x35 Src/RF24.o
 .debug_macro   0x00019106       0x1c Src/RF24.o
 .debug_macro   0x00019122      0x184 Src/RF24.o
 .debug_macro   0x000192a6      0x2b8 Src/RF24.o
 .debug_macro   0x0001955e      0x334 Src/adc.o
 .debug_macro   0x00019892      0x320 Src/dma.o
 .debug_macro   0x00019bb2      0x320 Src/gpio.o
 .debug_macro   0x00019ed2      0x39f Src/main.o
 .debug_macro   0x0001a271       0x16 Src/main.o
 .debug_macro   0x0001a287      0x363 Src/radio.o
 .debug_macro   0x0001a5ea      0x334 Src/spi.o
 .debug_macro   0x0001a91e      0x316 Src/stm32f0xx_hal_msp.o
 .debug_macro   0x0001ac34      0x320 Src/stm32f0xx_it.o
 .debug_macro   0x0001af54      0x320 Src/tim.o
 .debug_macro   0x0001b274      0x353 Src/utilities.o

.debug_str      0x00000000    0x8d619
 .debug_str     0x00000000    0x89165 Drivers/CMSIS/Device/ST/STM32F0xx/Source/Templates/system_stm32f0xx.o
                              0x893ef (size before relaxing)
 .debug_str     0x00089165      0x417 Drivers/STM32F0xx_HAL_Driver/Src/stm32f0xx_hal.o
                              0x89845 (size before relaxing)
 .debug_str     0x0008957c      0x6f4 Drivers/STM32F0xx_HAL_Driver/Src/stm32f0xx_hal_adc.o
                              0x89aa0 (size before relaxing)
 .debug_str     0x00089c70      0x1dc Drivers/STM32F0xx_HAL_Driver/Src/stm32f0xx_hal_cortex.o
                              0x89755 (size before relaxing)
 .debug_str     0x00089e4c      0x185 Drivers/STM32F0xx_HAL_Driver/Src/stm32f0xx_hal_dma.o
                              0x8968d (size before relaxing)
 .debug_str     0x00089fd1      0x2ba Drivers/STM32F0xx_HAL_Driver/Src/stm32f0xx_hal_gpio.o
                              0x89671 (size before relaxing)
 .debug_str     0x0008a28b      0x33c Drivers/STM32F0xx_HAL_Driver/Src/stm32f0xx_hal_rcc.o
                              0x897af (size before relaxing)
 .debug_str     0x0008a5c7      0x6b4 Drivers/STM32F0xx_HAL_Driver/Src/stm32f0xx_hal_spi.o
                              0x89c1b (size before relaxing)
 .debug_str     0x0008ac7b      0xe3f Drivers/STM32F0xx_HAL_Driver/Src/stm32f0xx_hal_tim.o
                              0x8a424 (size before relaxing)
 .debug_str     0x0008baba      0x522 Drivers/STM32F0xx_HAL_Driver/Src/stm32f0xx_hal_tim_ex.o
                              0x89cd5 (size before relaxing)
 .debug_str     0x0008bfdc     0x1301 Src/RF24.o
                              0x8a6c0 (size before relaxing)
 .debug_str     0x0008d2dd       0x58 Src/adc.o
                              0x897b6 (size before relaxing)
 .debug_str     0x0008d335       0x19 Src/dma.o
                              0x894f0 (size before relaxing)
 .debug_str     0x0008d34e       0x1b Src/gpio.o
                              0x893f1 (size before relaxing)
 .debug_str     0x0008d369       0x60 Src/main.o
                              0x8a990 (size before relaxing)
 .debug_str     0x0008d3c9       0x7c Src/radio.o
                              0x8a1a8 (size before relaxing)
 .debug_str     0x0008d445       0x44 Src/spi.o
                              0x8981f (size before relaxing)
 .debug_str     0x0008d489       0x1b Src/stm32f0xx_hal_msp.o
                              0x894f5 (size before relaxing)
 .debug_str     0x0008d4a4       0x8c Src/stm32f0xx_it.o
                              0x89773 (size before relaxing)
 .debug_str     0x0008d530       0x2a Src/tim.o
                              0x898fa (size before relaxing)
 .debug_str     0x0008d55a       0xbf Src/utilities.o
                              0x8a7c3 (size before relaxing)

.comment        0x00000000       0x6e
 .comment       0x00000000       0x6e Drivers/CMSIS/Device/ST/STM32F0xx/Source/Templates/system_stm32f0xx.o
                                 0x6f (size before relaxing)
 .comment       0x0000006e       0x6f Drivers/STM32F0xx_HAL_Driver/Src/stm32f0xx_hal.o
 .comment       0x0000006e       0x6f Drivers/STM32F0xx_HAL_Driver/Src/stm32f0xx_hal_adc.o
 .comment       0x0000006e       0x6f Drivers/STM32F0xx_HAL_Driver/Src/stm32f0xx_hal_cortex.o
 .comment       0x0000006e       0x6f Drivers/STM32F0xx_HAL_Driver/Src/stm32f0xx_hal_dma.o
 .comment       0x0000006e       0x6f Drivers/STM32F0xx_HAL_Driver/Src/stm32f0xx_hal_gpio.o
 .comment       0x0000006e       0x6f Drivers/STM32F0xx_HAL_Driver/Src/stm32f0xx_hal_rcc.o
 .comment       0x0000006e       0x6f Drivers/STM32F0xx_HAL_Driver/Src/stm32f0xx_hal_spi.o
 .comment       0x0000006e       0x6f Drivers/STM32F0xx_HAL_Driver/Src/stm32f0xx_hal_tim.o
 .comment       0x0000006e       0x6f Drivers/STM32F0xx_HAL_Driver/Src/stm32f0xx_hal_tim_ex.o
 .comment       0x0000006e       0x6f Src/RF24.o
 .comment       0x0000006e       0x6f Src/adc.o
 .comment       0x0000006e       0x6f Src/dma.o
 .comment       0x0000006e       0x6f Src/gpio.o
 .comment       0x0000006e       0x6f Src/main.o
 .comment       0x0000006e       0x6f Src/radio.o
 .comment       0x0000006e       0x6f Src/spi.o
 .comment       0x0000006e       0x6f Src/stm32f0xx_hal_msp.o
 .comment       0x0000006e       0x6f Src/stm32f0xx_it.o
 .comment       0x0000006e       0x6f Src/tim.o
 .comment       0x0000006e       0x6f Src/utilities.o

.debug_frame    0x00000000     0x30ec
 .debug_frame   0x00000000       0x4c Drivers/CMSIS/Device/ST/STM32F0xx/Source/Templates/system_stm32f0xx.o
 .debug_frame   0x0000004c      0x1f4 Drivers/STM32F0xx_HAL_Driver/Src/stm32f0xx_hal.o
 .debug_frame   0x00000240      0x390 Drivers/STM32F0xx_HAL_Driver/Src/stm32f0xx_hal_adc.o
 .debug_frame   0x000005d0      0x2a4 Drivers/STM32F0xx_HAL_Driver/Src/stm32f0xx_hal_cortex.o
 .debug_frame   0x00000874      0x170 Drivers/STM32F0xx_HAL_Driver/Src/stm32f0xx_hal_dma.o
 .debug_frame   0x000009e4      0x110 Drivers/STM32F0xx_HAL_Driver/Src/stm32f0xx_hal_gpio.o
 .debug_frame   0x00000af4      0x194 Drivers/STM32F0xx_HAL_Driver/Src/stm32f0xx_hal_rcc.o
 .debug_frame   0x00000c88      0x690 Drivers/STM32F0xx_HAL_Driver/Src/stm32f0xx_hal_spi.o
 .debug_frame   0x00001318      0xd50 Drivers/STM32F0xx_HAL_Driver/Src/stm32f0xx_hal_tim.o
 .debug_frame   0x00002068      0x4b0 Drivers/STM32F0xx_HAL_Driver/Src/stm32f0xx_hal_tim_ex.o
 .debug_frame   0x00002518      0x68c Src/RF24.o
 .debug_frame   0x00002ba4       0x70 Src/adc.o
 .debug_frame   0x00002c14       0x30 Src/dma.o
 .debug_frame   0x00002c44       0x30 Src/gpio.o
 .debug_frame   0x00002c74       0x6c Src/main.o
 .debug_frame   0x00002ce0       0x70 Src/radio.o
 .debug_frame   0x00002d50       0x6c Src/spi.o
 .debug_frame   0x00002dbc       0x30 Src/stm32f0xx_hal_msp.o
 .debug_frame   0x00002dec       0xf4 Src/stm32f0xx_it.o
 .debug_frame   0x00002ee0       0x6c Src/tim.o
 .debug_frame   0x00002f4c      0x10c Src/utilities.o
 .debug_frame   0x00003058       0x20 c:/ac6/systemworkbench/plugins/fr.ac6.mcu.externaltools.arm-none.win32_1.11.0.201610101338/tools/gcc-arm-none-eabi-5_4-2016q2-20160622-win32/bin/../lib/gcc/arm-none-eabi/5.4.1/armv6-m\libgcc.a(_udivsi3.o)
 .debug_frame   0x00003078       0x2c c:/ac6/systemworkbench/plugins/fr.ac6.mcu.externaltools.arm-none.win32_1.11.0.201610101338/tools/gcc-arm-none-eabi-5_4-2016q2-20160622-win32/bin/../lib/gcc/arm-none-eabi/5.4.1/../../../../arm-none-eabi/lib/armv6-m\libc_nano.a(lib_a-init.o)
 .debug_frame   0x000030a4       0x28 c:/ac6/systemworkbench/plugins/fr.ac6.mcu.externaltools.arm-none.win32_1.11.0.201610101338/tools/gcc-arm-none-eabi-5_4-2016q2-20160622-win32/bin/../lib/gcc/arm-none-eabi/5.4.1/../../../../arm-none-eabi/lib/armv6-m\libc_nano.a(lib_a-memcpy-stub.o)
 .debug_frame   0x000030cc       0x20 c:/ac6/systemworkbench/plugins/fr.ac6.mcu.externaltools.arm-none.win32_1.11.0.201610101338/tools/gcc-arm-none-eabi-5_4-2016q2-20160622-win32/bin/../lib/gcc/arm-none-eabi/5.4.1/../../../../arm-none-eabi/lib/armv6-m\libc_nano.a(lib_a-memset.o)
